[2.498s] Invoking command in '/home/yamashita/car_ws/build/coordinate_msg': /usr/bin/cmake /home/yamashita/car_ws/src/coordinate_msg -DCMAKE_INSTALL_PREFIX=/home/yamashita/car_ws/install/coordinate_msg
[2.684s] -- Found ament_cmake: 1.3.6 (/opt/ros/humble/share/ament_cmake/cmake)
[4.434s] -- Found rosidl_default_generators: 1.2.0 (/opt/ros/humble/share/rosidl_default_generators/cmake)
[4.453s] -- Using all available rosidl_typesupport_c: rosidl_typesupport_fastrtps_c;rosidl_typesupport_introspection_c
[4.482s] -- Found rosidl_adapter: 3.1.5 (/opt/ros/humble/share/rosidl_adapter/cmake)
[4.911s] -- Using all available rosidl_typesupport_cpp: rosidl_typesupport_fastrtps_cpp;rosidl_typesupport_introspection_cpp
[7.226s] Error parsing '/home/yamashita/car_ws/src/coordinate_msg/package.xml':
[8.444s] Traceback (most recent call last):
[8.446s]   File "/usr/lib/python3/dist-packages/catkin_pkg/package.py", line 610, in parse_package_string
[8.449s]     root = dom.parseString(data)
[8.450s]   File "/usr/lib/python3.10/xml/dom/minidom.py", line 2000, in parseString
[8.455s]     return expatbuilder.parseString(string)
[8.457s]   File "/usr/lib/python3.10/xml/dom/expatbuilder.py", line 925, in parseString
[8.460s]     return builder.parseString(string)
[8.463s]   File "/usr/lib/python3.10/xml/dom/expatbuilder.py", line 223, in parseString
[8.466s]     parser.Parse(string, True)
[8.467s] xml.parsers.expat.ExpatError: mismatched tag: line 14, column 45
[8.469s] 
[8.470s] During handling of the above exception, another exception occurred:
[8.471s] 
[8.473s] Traceback (most recent call last):
[8.474s]   File "/opt/ros/humble/share/ament_cmake_core/cmake/core/package_xml_2_cmake.py", line 150, in <module>
[8.475s]     main()
[8.477s]   File "/opt/ros/humble/share/ament_cmake_core/cmake/core/package_xml_2_cmake.py", line 53, in main
[8.480s]     raise e
[8.481s]   File "/opt/ros/humble/share/ament_cmake_core/cmake/core/package_xml_2_cmake.py", line 49, in main
[8.483s]     package = parse_package_string(
[8.485s]   File "/usr/lib/python3/dist-packages/catkin_pkg/package.py", line 612, in parse_package_string
[8.486s]     raise InvalidPackage('The manifest contains invalid XML:\n%s' % ex, filename)
[8.487s] catkin_pkg.package.InvalidPackage: Error(s) in package '/home/yamashita/car_ws/src/coordinate_msg/package.xml':
[8.489s] The manifest contains invalid XML:
[8.490s] mismatched tag: line 14, column 45
[8.699s] -- Configuring incomplete, errors occurred!
[8.700s] See also "/home/yamashita/car_ws/build/coordinate_msg/CMakeFiles/CMakeOutput.log".
[8.702s] [31mCMake Error at /opt/ros/humble/share/ament_cmake_core/cmake/core/ament_package_xml.cmake:95 (message):
[8.703s]   execute_process(/usr/bin/python3.10
[8.704s]   /opt/ros/humble/share/ament_cmake_core/cmake/core/package_xml_2_cmake.py
[8.705s]   /home/yamashita/car_ws/src/coordinate_msg/package.xml
[8.707s]   /home/yamashita/car_ws/build/coordinate_msg/ament_cmake_core/package.cmake)
[8.708s]   returned error code 1
[8.709s] Call Stack (most recent call first):
[8.710s]   /opt/ros/humble/share/ament_cmake_core/cmake/core/ament_package_xml.cmake:49 (_ament_package_xml)
[8.711s]   /opt/ros/humble/share/rosidl_cmake/cmake/rosidl_generate_interfaces.cmake:226 (ament_package_xml)
[8.713s]   CMakeLists.txt:13 (rosidl_generate_interfaces)
[8.714s] 
[8.715s] [0m
[8.740s] Invoked command in '/home/yamashita/car_ws/build/coordinate_msg' returned '1': /usr/bin/cmake /home/yamashita/car_ws/src/coordinate_msg -DCMAKE_INSTALL_PREFIX=/home/yamashita/car_ws/install/coordinate_msg
