[0.000000] (-) TimerEvent: {}
[0.001532] (coordinate_msg) JobQueued: {'identifier': 'coordinate_msg', 'dependencies': OrderedDict()}
[0.002644] (mypkg) JobQueued: {'identifier': 'mypkg', 'dependencies': OrderedDict()}
[0.003251] (coordinate_msg) JobStarted: {'identifier': 'coordinate_msg'}
[0.095101] (-) TimerEvent: {}
[0.197193] (-) TimerEvent: {}
[0.298590] (-) TimerEvent: {}
[0.401048] (-) TimerEvent: {}
[0.502849] (-) TimerEvent: {}
[0.604441] (-) TimerEvent: {}
[0.706875] (-) TimerEvent: {}
[0.808264] (-) TimerEvent: {}
[0.910447] (-) TimerEvent: {}
[1.013785] (-) TimerEvent: {}
[1.115263] (-) TimerEvent: {}
[1.136141] (mypkg) JobStarted: {'identifier': 'mypkg'}
[1.215697] (-) TimerEvent: {}
[1.320013] (-) TimerEvent: {}
[1.421874] (-) TimerEvent: {}
[1.523564] (-) TimerEvent: {}
[1.624933] (-) TimerEvent: {}
[1.728389] (-) TimerEvent: {}
[1.830624] (-) TimerEvent: {}
[1.933203] (-) TimerEvent: {}
[2.036276] (-) TimerEvent: {}
[2.138010] (-) TimerEvent: {}
[2.240188] (-) TimerEvent: {}
[2.341792] (-) TimerEvent: {}
[2.449467] (-) TimerEvent: {}
[2.452584] (coordinate_msg) JobProgress: {'identifier': 'coordinate_msg', 'progress': 'cmake'}
[2.459206] (coordinate_msg) Command: {'cmd': ['/usr/bin/cmake', '/home/yamashita/car_ws/src/coordinate_msg', '-DCMAKE_INSTALL_PREFIX=/home/yamashita/car_ws/install/coordinate_msg'], 'cwd': '/home/yamashita/car_ws/build/coordinate_msg', 'env': OrderedDict([('LESSOPEN', '| /usr/bin/lesspipe %s'), ('USER', 'yamashita'), ('SSH_CLIENT', '192.168.0.11 58954 22'), ('XDG_SESSION_TYPE', 'tty'), ('SHLVL', '1'), ('LD_LIBRARY_PATH', '/opt/ros/humble/opt/rviz_ogre_vendor/lib:/opt/ros/humble/lib/aarch64-linux-gnu:/opt/ros/humble/lib'), ('MOTD_SHOWN', 'pam'), ('HOME', '/home/yamashita'), ('OLDPWD', '/home/yamashita/car_ws/src/coordinate_msg/msg'), ('NVM_BIN', '/home/yamashita/.nvm/versions/node/v14.4.0/bin'), ('SSH_TTY', '/dev/pts/0'), ('NVM_INC', '/home/yamashita/.nvm/versions/node/v14.4.0/include/node'), ('ROS_PYTHON_VERSION', '3'), ('DBUS_SESSION_BUS_ADDRESS', 'unix:path=/run/user/1000/bus'), ('NVM_DIR', '/home/yamashita/.nvm'), ('COLCON_PREFIX_PATH', '/home/yamashita/car_ws/install:/home/yamashita/serial_ws/install:/home/yamashita/ros2_ws/install'), ('ROS_DISTRO', 'humble'), ('LOGNAME', 'yamashita'), ('_', '/usr/bin/colcon'), ('ROS_VERSION', '2'), ('XDG_SESSION_CLASS', 'user'), ('TERM', 'xterm-256color'), ('XDG_SESSION_ID', '4'), ('ROS_LOCALHOST_ONLY', '0'), ('PATH', '/home/yamashita/.local/bin:/home/yamashita/.nvm/versions/node/v14.4.0/bin:/opt/ros/humble/bin:/usr/local/sbin:/usr/local/bin:/usr/sbin:/usr/bin:/sbin:/bin:/usr/games:/usr/local/games:/snap/bin'), ('XDG_RUNTIME_DIR', '/run/user/1000'), ('LANG', 'C.UTF-8'), ('LS_COLORS', 'rs=0:di=01;34:ln=01;36:mh=00:pi=40;33:so=01;35:do=01;35:bd=40;33;01:cd=40;33;01:or=40;31;01:mi=00:su=37;41:sg=30;43:ca=30;41:tw=30;42:ow=34;42:st=37;44:ex=01;32:*.tar=01;31:*.tgz=01;31:*.arc=01;31:*.arj=01;31:*.taz=01;31:*.lha=01;31:*.lz4=01;31:*.lzh=01;31:*.lzma=01;31:*.tlz=01;31:*.txz=01;31:*.tzo=01;31:*.t7z=01;31:*.zip=01;31:*.z=01;31:*.dz=01;31:*.gz=01;31:*.lrz=01;31:*.lz=01;31:*.lzo=01;31:*.xz=01;31:*.zst=01;31:*.tzst=01;31:*.bz2=01;31:*.bz=01;31:*.tbz=01;31:*.tbz2=01;31:*.tz=01;31:*.deb=01;31:*.rpm=01;31:*.jar=01;31:*.war=01;31:*.ear=01;31:*.sar=01;31:*.rar=01;31:*.alz=01;31:*.ace=01;31:*.zoo=01;31:*.cpio=01;31:*.7z=01;31:*.rz=01;31:*.cab=01;31:*.wim=01;31:*.swm=01;31:*.dwm=01;31:*.esd=01;31:*.jpg=01;35:*.jpeg=01;35:*.mjpg=01;35:*.mjpeg=01;35:*.gif=01;35:*.bmp=01;35:*.pbm=01;35:*.pgm=01;35:*.ppm=01;35:*.tga=01;35:*.xbm=01;35:*.xpm=01;35:*.tif=01;35:*.tiff=01;35:*.png=01;35:*.svg=01;35:*.svgz=01;35:*.mng=01;35:*.pcx=01;35:*.mov=01;35:*.mpg=01;35:*.mpeg=01;35:*.m2v=01;35:*.mkv=01;35:*.webm=01;35:*.webp=01;35:*.ogm=01;35:*.mp4=01;35:*.m4v=01;35:*.mp4v=01;35:*.vob=01;35:*.qt=01;35:*.nuv=01;35:*.wmv=01;35:*.asf=01;35:*.rm=01;35:*.rmvb=01;35:*.flc=01;35:*.avi=01;35:*.fli=01;35:*.flv=01;35:*.gl=01;35:*.dl=01;35:*.xcf=01;35:*.xwd=01;35:*.yuv=01;35:*.cgm=01;35:*.emf=01;35:*.ogv=01;35:*.ogx=01;35:*.aac=00;36:*.au=00;36:*.flac=00;36:*.m4a=00;36:*.mid=00;36:*.midi=00;36:*.mka=00;36:*.mp3=00;36:*.mpc=00;36:*.ogg=00;36:*.ra=00;36:*.wav=00;36:*.oga=00;36:*.opus=00;36:*.spx=00;36:*.xspf=00;36:'), ('AMENT_PREFIX_PATH', '/home/yamashita/car_ws/install/mypkg:/home/yamashita/serial_ws/install/ros_serial:/home/yamashita/ros2_ws/install/robo231:/opt/ros/humble'), ('SHELL', '/bin/bash'), ('LESSCLOSE', '/usr/bin/lesspipe %s %s'), ('PWD', '/home/yamashita/car_ws/build/coordinate_msg'), ('SSH_CONNECTION', '192.168.0.11 58954 192.168.0.19 22'), ('NVM_CD_FLAGS', ''), ('XDG_DATA_DIRS', '/usr/share/gnome:/usr/local/share:/usr/share:/var/lib/snapd/desktop'), ('PYTHONPATH', '/home/yamashita/car_ws/install/mypkg/lib/python3.10/site-packages:/home/yamashita/serial_ws/install/ros_serial/lib/python3.10/site-packages:/home/yamashita/ros2_ws/install/robo231/lib/python3.10/site-packages:/opt/ros/humble/lib/python3.10/site-packages:/opt/ros/humble/local/lib/python3.10/dist-packages'), ('COLCON', '1')]), 'shell': False}
[2.549927] (-) TimerEvent: {}
[2.626402] (coordinate_msg) StdoutLine: {'line': b'-- Found ament_cmake: 1.3.6 (/opt/ros/humble/share/ament_cmake/cmake)\n'}
[2.650291] (-) TimerEvent: {}
[2.752359] (-) TimerEvent: {}
[2.854022] (-) TimerEvent: {}
[2.955652] (-) TimerEvent: {}
[3.057266] (-) TimerEvent: {}
[3.158908] (-) TimerEvent: {}
[3.260341] (-) TimerEvent: {}
[3.361813] (-) TimerEvent: {}
[3.463450] (-) TimerEvent: {}
[3.565161] (-) TimerEvent: {}
[3.666760] (-) TimerEvent: {}
[3.768356] (-) TimerEvent: {}
[3.869812] (-) TimerEvent: {}
[3.971653] (-) TimerEvent: {}
[4.073198] (-) TimerEvent: {}
[4.174896] (-) TimerEvent: {}
[4.277124] (-) TimerEvent: {}
[4.372342] (coordinate_msg) StdoutLine: {'line': b'-- Found rosidl_default_generators: 1.2.0 (/opt/ros/humble/share/rosidl_default_generators/cmake)\n'}
[4.377406] (-) TimerEvent: {}
[4.392916] (coordinate_msg) StdoutLine: {'line': b'-- Using all available rosidl_typesupport_c: rosidl_typesupport_fastrtps_c;rosidl_typesupport_introspection_c\n'}
[4.422304] (coordinate_msg) StdoutLine: {'line': b'-- Found rosidl_adapter: 3.1.5 (/opt/ros/humble/share/rosidl_adapter/cmake)\n'}
[4.477699] (-) TimerEvent: {}
[4.579431] (-) TimerEvent: {}
[4.680790] (-) TimerEvent: {}
[4.782438] (-) TimerEvent: {}
[4.851603] (coordinate_msg) StdoutLine: {'line': b'-- Using all available rosidl_typesupport_cpp: rosidl_typesupport_fastrtps_cpp;rosidl_typesupport_introspection_cpp\n'}
[4.882961] (-) TimerEvent: {}
[4.984765] (-) TimerEvent: {}
[5.086788] (-) TimerEvent: {}
[5.189620] (-) TimerEvent: {}
[5.293435] (-) TimerEvent: {}
[5.398707] (-) TimerEvent: {}
[5.502724] (-) TimerEvent: {}
[5.607298] (-) TimerEvent: {}
[5.712853] (-) TimerEvent: {}
[5.816982] (-) TimerEvent: {}
[5.922124] (-) TimerEvent: {}
[6.026214] (-) TimerEvent: {}
[6.130080] (-) TimerEvent: {}
[6.232017] (-) TimerEvent: {}
[6.340638] (-) TimerEvent: {}
[6.449168] (-) TimerEvent: {}
[6.552357] (-) TimerEvent: {}
[6.656813] (-) TimerEvent: {}
[6.758345] (-) TimerEvent: {}
[6.860150] (-) TimerEvent: {}
[6.961828] (-) TimerEvent: {}
[7.063555] (-) TimerEvent: {}
[7.165260] (-) TimerEvent: {}
[7.232127] (coordinate_msg) StderrLine: {'line': b"Error parsing '/home/yamashita/car_ws/src/coordinate_msg/package.xml':\n"}
[7.265676] (-) TimerEvent: {}
[7.367542] (-) TimerEvent: {}
[7.469372] (-) TimerEvent: {}
[7.571208] (-) TimerEvent: {}
[7.673057] (-) TimerEvent: {}
[7.709059] (coordinate_msg) StderrLine: {'line': b'Traceback (most recent call last):\n'}
[7.710760] (coordinate_msg) StderrLine: {'line': b'  File "/usr/lib/python3/dist-packages/catkin_pkg/package.py", line 610, in parse_package_string\n'}
[7.711833] (coordinate_msg) StderrLine: {'line': b'    root = dom.parseString(data)\n'}
[7.713326] (coordinate_msg) StderrLine: {'line': b'  File "/usr/lib/python3.10/xml/dom/minidom.py", line 2000, in parseString\n'}
[7.716036] (coordinate_msg) StderrLine: {'line': b'    return expatbuilder.parseString(string)\n'}
[7.718329] (coordinate_msg) StderrLine: {'line': b'  File "/usr/lib/python3.10/xml/dom/expatbuilder.py", line 925, in parseString\n'}
[7.720459] (coordinate_msg) StderrLine: {'line': b'    return builder.parseString(string)\n'}
[7.723153] (coordinate_msg) StderrLine: {'line': b'  File "/usr/lib/python3.10/xml/dom/expatbuilder.py", line 223, in parseString\n'}
[7.724562] (coordinate_msg) StderrLine: {'line': b'    parser.Parse(string, True)\n'}
[7.725848] (coordinate_msg) StderrLine: {'line': b'xml.parsers.expat.ExpatError: mismatched tag: line 14, column 45\n'}
[7.727175] (coordinate_msg) StderrLine: {'line': b'\n'}
[7.728465] (coordinate_msg) StderrLine: {'line': b'During handling of the above exception, another exception occurred:\n'}
[7.729798] (coordinate_msg) StderrLine: {'line': b'\n'}
[7.731287] (coordinate_msg) StderrLine: {'line': b'Traceback (most recent call last):\n'}
[7.732707] (coordinate_msg) StderrLine: {'line': b'  File "/opt/ros/humble/share/ament_cmake_core/cmake/core/package_xml_2_cmake.py", line 150, in <module>\n'}
[7.734024] (coordinate_msg) StderrLine: {'line': b'    main()\n'}
[7.735554] (coordinate_msg) StderrLine: {'line': b'  File "/opt/ros/humble/share/ament_cmake_core/cmake/core/package_xml_2_cmake.py", line 53, in main\n'}
[7.736821] (coordinate_msg) StderrLine: {'line': b'    raise e\n'}
[7.738084] (coordinate_msg) StderrLine: {'line': b'  File "/opt/ros/humble/share/ament_cmake_core/cmake/core/package_xml_2_cmake.py", line 49, in main\n'}
[7.739575] (coordinate_msg) StderrLine: {'line': b'    package = parse_package_string(\n'}
[7.740807] (coordinate_msg) StderrLine: {'line': b'  File "/usr/lib/python3/dist-packages/catkin_pkg/package.py", line 612, in parse_package_string\n'}
[7.742142] (coordinate_msg) StderrLine: {'line': b"    raise InvalidPackage('The manifest contains invalid XML:\\n%s' % ex, filename)\n"}
[7.743653] (coordinate_msg) StderrLine: {'line': b"catkin_pkg.package.InvalidPackage: Error(s) in package '/home/yamashita/car_ws/src/coordinate_msg/package.xml':\n"}
[7.744924] (coordinate_msg) StderrLine: {'line': b'The manifest contains invalid XML:\n'}
[7.746226] (coordinate_msg) StderrLine: {'line': b'mismatched tag: line 14, column 45\n'}
[7.773382] (-) TimerEvent: {}
[7.875735] (-) TimerEvent: {}
[7.952002] (coordinate_msg) StderrLine: {'line': b'\x1b[31mCMake Error at /opt/ros/humble/share/ament_cmake_core/cmake/core/ament_package_xml.cmake:95 (message):\n'}
[7.953789] (coordinate_msg) StderrLine: {'line': b'  execute_process(/usr/bin/python3.10\n'}
[7.955691] (coordinate_msg) StderrLine: {'line': b'  /opt/ros/humble/share/ament_cmake_core/cmake/core/package_xml_2_cmake.py\n'}
[7.956818] (coordinate_msg) StderrLine: {'line': b'  /home/yamashita/car_ws/src/coordinate_msg/package.xml\n'}
[7.957857] (coordinate_msg) StderrLine: {'line': b'  /home/yamashita/car_ws/build/coordinate_msg/ament_cmake_core/package.cmake)\n'}
[7.959209] (coordinate_msg) StderrLine: {'line': b'  returned error code 1\n'}
[7.960242] (coordinate_msg) StderrLine: {'line': b'Call Stack (most recent call first):\n'}
[7.961232] (coordinate_msg) StderrLine: {'line': b'  /opt/ros/humble/share/ament_cmake_core/cmake/core/ament_package_xml.cmake:49 (_ament_package_xml)\n'}
[7.962926] (coordinate_msg) StderrLine: {'line': b'  /opt/ros/humble/share/rosidl_cmake/cmake/rosidl_generate_interfaces.cmake:226 (ament_package_xml)\n'}
[7.964226] (coordinate_msg) StderrLine: {'line': b'  CMakeLists.txt:13 (rosidl_generate_interfaces)\n'}
[7.965316] (coordinate_msg) StderrLine: {'line': b'\n'}
[7.966416] (coordinate_msg) StderrLine: {'line': b'\x1b[0m\n'}
[7.967714] (coordinate_msg) StdoutLine: {'line': b'-- Configuring incomplete, errors occurred!\n'}
[7.968856] (coordinate_msg) StdoutLine: {'line': b'See also "/home/yamashita/car_ws/build/coordinate_msg/CMakeFiles/CMakeOutput.log".\n'}
[7.976062] (-) TimerEvent: {}
[7.994335] (coordinate_msg) CommandEnded: {'returncode': 1}
[8.000458] (coordinate_msg) JobEnded: {'identifier': 'coordinate_msg', 'rc': 1}
[8.076344] (-) TimerEvent: {}
[8.177599] (-) TimerEvent: {}
[8.278924] (-) TimerEvent: {}
[8.380206] (-) TimerEvent: {}
[8.481520] (-) TimerEvent: {}
[8.582831] (-) TimerEvent: {}
[8.684100] (-) TimerEvent: {}
[8.785398] (-) TimerEvent: {}
[8.886794] (-) TimerEvent: {}
[8.988240] (-) TimerEvent: {}
[9.089652] (-) TimerEvent: {}
[9.190940] (-) TimerEvent: {}
[9.292162] (-) TimerEvent: {}
[9.393411] (-) TimerEvent: {}
[9.494722] (-) TimerEvent: {}
[9.596008] (-) TimerEvent: {}
[9.697262] (-) TimerEvent: {}
[9.798619] (-) TimerEvent: {}
[9.899918] (-) TimerEvent: {}
[10.001162] (-) TimerEvent: {}
[10.102344] (-) TimerEvent: {}
[10.203688] (-) TimerEvent: {}
[10.304936] (-) TimerEvent: {}
[10.406226] (-) TimerEvent: {}
[10.507493] (-) TimerEvent: {}
[10.608795] (-) TimerEvent: {}
[10.710216] (-) TimerEvent: {}
[10.811634] (-) TimerEvent: {}
[10.913186] (-) TimerEvent: {}
[11.014501] (-) TimerEvent: {}
[11.115846] (-) TimerEvent: {}
[11.217013] (-) TimerEvent: {}
[11.318374] (-) TimerEvent: {}
[11.419763] (-) TimerEvent: {}
[11.521092] (-) TimerEvent: {}
[11.622403] (-) TimerEvent: {}
[11.723743] (-) TimerEvent: {}
[11.824900] (-) TimerEvent: {}
[11.926199] (-) TimerEvent: {}
[12.027537] (-) TimerEvent: {}
[12.128802] (-) TimerEvent: {}
[12.230175] (-) TimerEvent: {}
[12.331491] (-) TimerEvent: {}
[12.432732] (-) TimerEvent: {}
[12.534002] (-) TimerEvent: {}
[12.635498] (-) TimerEvent: {}
[12.736958] (-) TimerEvent: {}
[12.838511] (-) TimerEvent: {}
[12.940111] (-) TimerEvent: {}
[13.041670] (-) TimerEvent: {}
[13.081347] (mypkg) JobEnded: {'identifier': 'mypkg', 'rc': 'SIGINT'}
[13.095577] (-) EventReactorShutdown: {}
